// Jest Snapshot v1, https://goo.gl/fbAQLP

exports[`Kit visual base (CA-06) test-ca-06-auto: conserva la estructura de los componentes UI compartidos 1`] = `
<View
  style={
    {
      "backgroundColor": "#F5F5F5",
      "flex": 1,
      "paddingBottom": 0,
      "paddingLeft": 0,
      "paddingRight": 0,
      "paddingTop": 0,
    }
  }
>
  <RCTScrollView
    contentContainerStyle={
      [
        {
          "paddingBottom": 48,
        },
        undefined,
      ]
    }
    showsVerticalScrollIndicator={false}
    style={
      {
        "flex": 1,
      }
    }
  >
    <View>
      <View
        style={
          {
            "backgroundColor": "#2E7D32",
            "borderRadius": 12,
            "padding": 24,
          }
        }
      >
        <Text
          style={
            {
              "color": "#F5F5F5",
              "fontSize": 12,
              "fontWeight": "500",
              "letterSpacing": 0.5,
              "marginBottom": 4,
              "textTransform": "uppercase",
            }
          }
        >
          Explorador
        </Text>
        <Text
          style={
            {
              "color": "#F5F5F5",
              "fontSize": 20,
              "fontWeight": "700",
              "marginBottom": 4,
            }
          }
        >
          Bienvenido
        </Text>
        <Text
          style={
            {
              "color": "#F5F5F5",
              "fontSize": 14,
              "opacity": 0.9,
            }
          }
        >
          Explora el zoológico
        </Text>
      </View>
      <View
        style={
          [
            {
              "backgroundColor": "#F5F5F5",
              "borderRadius": 8,
              "elevation": 1,
              "marginVertical": 4,
              "padding": 16,
            },
            undefined,
          ]
        }
      >
        <Text
          style={
            [
              {
                "fontSize": 14,
                "fontWeight": "400",
                "lineHeight": 20,
              },
              {
                "color": "#212121",
              },
              undefined,
              undefined,
              undefined,
            ]
          }
        >
          Contenido
        </Text>
      </View>
      <View
        accessibilityLabel="Animales"
        accessibilityRole="button"
        accessibilityState={
          {
            "busy": undefined,
            "checked": undefined,
            "disabled": undefined,
            "expanded": undefined,
            "selected": true,
          }
        }
        accessibilityValue={
          {
            "max": undefined,
            "min": undefined,
            "now": undefined,
            "text": undefined,
          }
        }
        accessible={true}
        collapsable={false}
        focusable={true}
        onClick={[Function]}
        onResponderGrant={[Function]}
        onResponderMove={[Function]}
        onResponderRelease={[Function]}
        onResponderTerminate={[Function]}
        onResponderTerminationRequest={[Function]}
        onStartShouldSetResponder={[Function]}
        style={
          {
            "backgroundColor": "#2E7D32",
            "borderColor": "#2E7D32",
            "borderRadius": 9999,
            "borderWidth": 1,
            "justifyContent": "center",
            "minHeight": 44,
            "opacity": 1,
            "paddingHorizontal": 16,
            "paddingVertical": 4,
          }
        }
      >
        <Text
          style={
            [
              {
                "color": "#F5F5F5",
                "fontSize": 14,
                "fontWeight": "500",
              },
            ]
          }
        >
          Animales
        </Text>
      </View>
      <View
        accessibilityRole="button"
        accessibilityState={
          {
            "busy": undefined,
            "checked": undefined,
            "disabled": undefined,
            "expanded": undefined,
            "selected": undefined,
          }
        }
        accessibilityValue={
          {
            "max": undefined,
            "min": undefined,
            "now": undefined,
            "text": undefined,
          }
        }
        accessible={true}
        collapsable={false}
        focusable={true}
        onClick={[Function]}
        onResponderGrant={[Function]}
        onResponderMove={[Function]}
        onResponderRelease={[Function]}
        onResponderTerminate={[Function]}
        onResponderTerminationRequest={[Function]}
        onStartShouldSetResponder={[Function]}
        style={
          {
            "alignItems": "center",
            "backgroundColor": "#2E7D32",
            "borderRadius": 8,
            "color": "#FFFFFF",
            "justifyContent": "center",
            "minHeight": 48,
            "opacity": 1,
            "padding": 16,
          }
        }
      >
        <Text
          style={
            [
              {
                "fontSize": 16,
                "fontWeight": "600",
              },
              {
                "color": "#FFFFFF",
              },
            ]
          }
        >
          Continuar
        </Text>
      </View>
      <View
        accessibilityLabel="Progreso"
        accessibilityRole="progressbar"
        accessibilityValue={
          {
            "max": 100,
            "min": 0,
            "now": 50,
          }
        }
        testID="progress-bar"
      >
        <View
          style={
            {
              "backgroundColor": "#C8E6C9",
              "borderRadius": 9999,
              "height": 4,
              "overflow": "hidden",
            }
          }
        >
          <View
            style={
              [
                {
                  "backgroundColor": "#FFD700",
                  "borderRadius": 9999,
                  "height": "100%",
                },
                {
                  "width": "50%",
                },
              ]
            }
          />
        </View>
        <Text
          style={
            [
              {
                "fontSize": 11,
                "fontWeight": "400",
                "lineHeight": 16,
              },
              {
                "color": "#212121",
              },
              undefined,
              undefined,
              undefined,
            ]
          }
        >
          Progreso
        </Text>
      </View>
    </View>
  </RCTScrollView>
</View>
`;
